  Determining projects to restore...
  All projects are up-to-date for restore.
  UltimatePOS.Core -> C:\Users\fikri\Desktop\ultimateposwind\src\UltimatePOS.Core\bin\Debug\net8.0\UltimatePOS.Core.dll
  UltimatePOS.Data -> C:\Users\fikri\Desktop\ultimateposwind\src\UltimatePOS.Data\bin\Debug\net8.0\UltimatePOS.Data.dll
C:\Users\fikri\Desktop\ultimateposwind\src\UltimatePOS.Services\ProductService.cs(27,42): error CS1061: 'IRepository<Product>' does not contain a definition for 'GetQueryable' and no accessible extension method 'GetQueryable' accepting a first argument of type 'IRepository<Product>' could be found (are you missing a using directive or an assembly reference?) [C:\Users\fikri\Desktop\ultimateposwind\src\UltimatePOS.Services\UltimatePOS.Services.csproj]
C:\Users\fikri\Desktop\ultimateposwind\src\UltimatePOS.Services\ProductService.cs(141,30): error CS1061: 'IRepository<Product>' does not contain a definition for 'Update' and no accessible extension method 'Update' accepting a first argument of type 'IRepository<Product>' could be found (are you missing a using directive or an assembly reference?) [C:\Users\fikri\Desktop\ultimateposwind\src\UltimatePOS.Services\UltimatePOS.Services.csproj]
C:\Users\fikri\Desktop\ultimateposwind\src\UltimatePOS.Services\ProductService.cs(150,34): error CS7036: There is no argument given that corresponds to the required parameter 'value' of 'CollectionExtensions.Remove<TKey, TValue>(IDictionary<TKey, TValue>, TKey, out TValue)' [C:\Users\fikri\Desktop\ultimateposwind\src\UltimatePOS.Services\UltimatePOS.Services.csproj]
C:\Users\fikri\Desktop\ultimateposwind\src\UltimatePOS.Services\ProductService.cs(157,42): error CS1061: 'IRepository<Product>' does not contain a definition for 'GetQueryable' and no accessible extension method 'GetQueryable' accepting a first argument of type 'IRepository<Product>' could be found (are you missing a using directive or an assembly reference?) [C:\Users\fikri\Desktop\ultimateposwind\src\UltimatePOS.Services\UltimatePOS.Services.csproj]

Build FAILED.

C:\Users\fikri\Desktop\ultimateposwind\src\UltimatePOS.Services\ProductService.cs(27,42): error CS1061: 'IRepository<Product>' does not contain a definition for 'GetQueryable' and no accessible extension method 'GetQueryable' accepting a first argument of type 'IRepository<Product>' could be found (are you missing a using directive or an assembly reference?) [C:\Users\fikri\Desktop\ultimateposwind\src\UltimatePOS.Services\UltimatePOS.Services.csproj]
C:\Users\fikri\Desktop\ultimateposwind\src\UltimatePOS.Services\ProductService.cs(141,30): error CS1061: 'IRepository<Product>' does not contain a definition for 'Update' and no accessible extension method 'Update' accepting a first argument of type 'IRepository<Product>' could be found (are you missing a using directive or an assembly reference?) [C:\Users\fikri\Desktop\ultimateposwind\src\UltimatePOS.Services\UltimatePOS.Services.csproj]
C:\Users\fikri\Desktop\ultimateposwind\src\UltimatePOS.Services\ProductService.cs(150,34): error CS7036: There is no argument given that corresponds to the required parameter 'value' of 'CollectionExtensions.Remove<TKey, TValue>(IDictionary<TKey, TValue>, TKey, out TValue)' [C:\Users\fikri\Desktop\ultimateposwind\src\UltimatePOS.Services\UltimatePOS.Services.csproj]
C:\Users\fikri\Desktop\ultimateposwind\src\UltimatePOS.Services\ProductService.cs(157,42): error CS1061: 'IRepository<Product>' does not contain a definition for 'GetQueryable' and no accessible extension method 'GetQueryable' accepting a first argument of type 'IRepository<Product>' could be found (are you missing a using directive or an assembly reference?) [C:\Users\fikri\Desktop\ultimateposwind\src\UltimatePOS.Services\UltimatePOS.Services.csproj]
    0 Warning(s)
    4 Error(s)

Time Elapsed 00:00:01.70
