  Determining projects to restore...
  All projects are up-to-date for restore.
  UltimatePOS.Core -> C:\Users\fikri\Desktop\ultimateposwind\src\UltimatePOS.Core\bin\Debug\net8.0\UltimatePOS.Core.dll
  UltimatePOS.Data -> C:\Users\fikri\Desktop\ultimateposwind\src\UltimatePOS.Data\bin\Debug\net8.0\UltimatePOS.Data.dll
C:\Users\fikri\Desktop\ultimateposwind\src\UltimatePOS.Services\BarcodeService.cs(39,32): error CS0246: The type or namespace name 'SKBitmapRenderer' could not be found (are you missing a using directive or an assembly reference?) [C:\Users\fikri\Desktop\ultimateposwind\src\UltimatePOS.Services\UltimatePOS.Services.csproj]
C:\Users\fikri\Desktop\ultimateposwind\src\UltimatePOS.Services\BarcodeService.cs(62,32): error CS0246: The type or namespace name 'SKBitmapRenderer' could not be found (are you missing a using directive or an assembly reference?) [C:\Users\fikri\Desktop\ultimateposwind\src\UltimatePOS.Services\UltimatePOS.Services.csproj]
C:\Users\fikri\Desktop\ultimateposwind\src\UltimatePOS.Services\StockService.cs(24,47): error CS1061: 'IRepository<ProductStock>' does not contain a definition for 'GetQueryable' and no accessible extension method 'GetQueryable' accepting a first argument of type 'IRepository<ProductStock>' could be found (are you missing a using directive or an assembly reference?) [C:\Users\fikri\Desktop\ultimateposwind\src\UltimatePOS.Services\UltimatePOS.Services.csproj]
C:\Users\fikri\Desktop\ultimateposwind\src\UltimatePOS.Services\StockService.cs(37,48): error CS1061: 'IRepository<ProductStock>' does not contain a definition for 'GetQueryable' and no accessible extension method 'GetQueryable' accepting a first argument of type 'IRepository<ProductStock>' could be found (are you missing a using directive or an assembly reference?) [C:\Users\fikri\Desktop\ultimateposwind\src\UltimatePOS.Services\UltimatePOS.Services.csproj]
C:\Users\fikri\Desktop\ultimateposwind\src\UltimatePOS.Services\StockService.cs(45,48): error CS1061: 'IRepository<ProductStock>' does not contain a definition for 'GetQueryable' and no accessible extension method 'GetQueryable' accepting a first argument of type 'IRepository<ProductStock>' could be found (are you missing a using directive or an assembly reference?) [C:\Users\fikri\Desktop\ultimateposwind\src\UltimatePOS.Services\UltimatePOS.Services.csproj]
C:\Users\fikri\Desktop\ultimateposwind\src\UltimatePOS.Services\StockService.cs(57,54): error CS1061: 'IRepository<ProductStock>' does not contain a definition for 'GetQueryable' and no accessible extension method 'GetQueryable' accepting a first argument of type 'IRepository<ProductStock>' could be found (are you missing a using directive or an assembly reference?) [C:\Users\fikri\Desktop\ultimateposwind\src\UltimatePOS.Services\UltimatePOS.Services.csproj]
C:\Users\fikri\Desktop\ultimateposwind\src\UltimatePOS.Services\StockService.cs(69,53): error CS1061: 'IRepository<ProductStock>' does not contain a definition for 'GetQueryable' and no accessible extension method 'GetQueryable' accepting a first argument of type 'IRepository<ProductStock>' could be found (are you missing a using directive or an assembly reference?) [C:\Users\fikri\Desktop\ultimateposwind\src\UltimatePOS.Services\UltimatePOS.Services.csproj]
C:\Users\fikri\Desktop\ultimateposwind\src\UltimatePOS.Services\StockService.cs(104,13): error CS0117: 'StockHistory' does not contain a definition for 'CreatedAt' [C:\Users\fikri\Desktop\ultimateposwind\src\UltimatePOS.Services\UltimatePOS.Services.csproj]
C:\Users\fikri\Desktop\ultimateposwind\src\UltimatePOS.Services\StockService.cs(109,27): error CS1061: 'IUnitOfWork' does not contain a definition for 'SaveAsync' and no accessible extension method 'SaveAsync' accepting a first argument of type 'IUnitOfWork' could be found (are you missing a using directive or an assembly reference?) [C:\Users\fikri\Desktop\ultimateposwind\src\UltimatePOS.Services\UltimatePOS.Services.csproj]
C:\Users\fikri\Desktop\ultimateposwind\src\UltimatePOS.Services\ProductService.cs(27,21): error CS0103: The name '_unitOfWork' does not exist in the current context [C:\Users\fikri\Desktop\ultimateposwind\src\UltimatePOS.Services\UltimatePOS.Services.csproj]
C:\Users\fikri\Desktop\ultimateposwind\src\UltimatePOS.Services\ProductService.cs(110,30): error CS0103: The name '_unitOfWork' does not exist in the current context [C:\Users\fikri\Desktop\ultimateposwind\src\UltimatePOS.Services\UltimatePOS.Services.csproj]
C:\Users\fikri\Desktop\ultimateposwind\src\UltimatePOS.Services\ProductService.cs(128,15): error CS0103: The name '_unitOfWork' does not exist in the current context [C:\Users\fikri\Desktop\ultimateposwind\src\UltimatePOS.Services\UltimatePOS.Services.csproj]
C:\Users\fikri\Desktop\ultimateposwind\src\UltimatePOS.Services\ProductService.cs(129,15): error CS0103: The name '_unitOfWork' does not exist in the current context [C:\Users\fikri\Desktop\ultimateposwind\src\UltimatePOS.Services\UltimatePOS.Services.csproj]
C:\Users\fikri\Desktop\ultimateposwind\src\UltimatePOS.Services\StockService.cs(128,48): error CS1061: 'IRepository<StockHistory>' does not contain a definition for 'GetQueryable' and no accessible extension method 'GetQueryable' accepting a first argument of type 'IRepository<StockHistory>' could be found (are you missing a using directive or an assembly reference?) [C:\Users\fikri\Desktop\ultimateposwind\src\UltimatePOS.Services\UltimatePOS.Services.csproj]
C:\Users\fikri\Desktop\ultimateposwind\src\UltimatePOS.Services\ProductService.cs(141,9): error CS0103: The name '_unitOfWork' does not exist in the current context [C:\Users\fikri\Desktop\ultimateposwind\src\UltimatePOS.Services\UltimatePOS.Services.csproj]
C:\Users\fikri\Desktop\ultimateposwind\src\UltimatePOS.Services\ProductService.cs(142,15): error CS0103: The name '_unitOfWork' does not exist in the current context [C:\Users\fikri\Desktop\ultimateposwind\src\UltimatePOS.Services\UltimatePOS.Services.csproj]
C:\Users\fikri\Desktop\ultimateposwind\src\UltimatePOS.Services\ProductService.cs(150,13): error CS0103: The name '_unitOfWork' does not exist in the current context [C:\Users\fikri\Desktop\ultimateposwind\src\UltimatePOS.Services\UltimatePOS.Services.csproj]
C:\Users\fikri\Desktop\ultimateposwind\src\UltimatePOS.Services\ProductService.cs(151,19): error CS0103: The name '_unitOfWork' does not exist in the current context [C:\Users\fikri\Desktop\ultimateposwind\src\UltimatePOS.Services\UltimatePOS.Services.csproj]
C:\Users\fikri\Desktop\ultimateposwind\src\UltimatePOS.Services\ProductService.cs(157,21): error CS0103: The name '_unitOfWork' does not exist in the current context [C:\Users\fikri\Desktop\ultimateposwind\src\UltimatePOS.Services\UltimatePOS.Services.csproj]
C:\Users\fikri\Desktop\ultimateposwind\src\UltimatePOS.Services\ProductService.cs(170,22): error CS0103: The name '_unitOfWork' does not exist in the current context [C:\Users\fikri\Desktop\ultimateposwind\src\UltimatePOS.Services\UltimatePOS.Services.csproj]
C:\Users\fikri\Desktop\ultimateposwind\src\UltimatePOS.Services\ProductService.cs(175,22): error CS0103: The name '_unitOfWork' does not exist in the current context [C:\Users\fikri\Desktop\ultimateposwind\src\UltimatePOS.Services\UltimatePOS.Services.csproj]
C:\Users\fikri\Desktop\ultimateposwind\src\UltimatePOS.Services\ProductService.cs(180,22): error CS0103: The name '_unitOfWork' does not exist in the current context [C:\Users\fikri\Desktop\ultimateposwind\src\UltimatePOS.Services\UltimatePOS.Services.csproj]

Build FAILED.

C:\Users\fikri\Desktop\ultimateposwind\src\UltimatePOS.Services\BarcodeService.cs(39,32): error CS0246: The type or namespace name 'SKBitmapRenderer' could not be found (are you missing a using directive or an assembly reference?) [C:\Users\fikri\Desktop\ultimateposwind\src\UltimatePOS.Services\UltimatePOS.Services.csproj]
C:\Users\fikri\Desktop\ultimateposwind\src\UltimatePOS.Services\BarcodeService.cs(62,32): error CS0246: The type or namespace name 'SKBitmapRenderer' could not be found (are you missing a using directive or an assembly reference?) [C:\Users\fikri\Desktop\ultimateposwind\src\UltimatePOS.Services\UltimatePOS.Services.csproj]
C:\Users\fikri\Desktop\ultimateposwind\src\UltimatePOS.Services\StockService.cs(24,47): error CS1061: 'IRepository<ProductStock>' does not contain a definition for 'GetQueryable' and no accessible extension method 'GetQueryable' accepting a first argument of type 'IRepository<ProductStock>' could be found (are you missing a using directive or an assembly reference?) [C:\Users\fikri\Desktop\ultimateposwind\src\UltimatePOS.Services\UltimatePOS.Services.csproj]
C:\Users\fikri\Desktop\ultimateposwind\src\UltimatePOS.Services\StockService.cs(37,48): error CS1061: 'IRepository<ProductStock>' does not contain a definition for 'GetQueryable' and no accessible extension method 'GetQueryable' accepting a first argument of type 'IRepository<ProductStock>' could be found (are you missing a using directive or an assembly reference?) [C:\Users\fikri\Desktop\ultimateposwind\src\UltimatePOS.Services\UltimatePOS.Services.csproj]
C:\Users\fikri\Desktop\ultimateposwind\src\UltimatePOS.Services\StockService.cs(45,48): error CS1061: 'IRepository<ProductStock>' does not contain a definition for 'GetQueryable' and no accessible extension method 'GetQueryable' accepting a first argument of type 'IRepository<ProductStock>' could be found (are you missing a using directive or an assembly reference?) [C:\Users\fikri\Desktop\ultimateposwind\src\UltimatePOS.Services\UltimatePOS.Services.csproj]
C:\Users\fikri\Desktop\ultimateposwind\src\UltimatePOS.Services\StockService.cs(57,54): error CS1061: 'IRepository<ProductStock>' does not contain a definition for 'GetQueryable' and no accessible extension method 'GetQueryable' accepting a first argument of type 'IRepository<ProductStock>' could be found (are you missing a using directive or an assembly reference?) [C:\Users\fikri\Desktop\ultimateposwind\src\UltimatePOS.Services\UltimatePOS.Services.csproj]
C:\Users\fikri\Desktop\ultimateposwind\src\UltimatePOS.Services\StockService.cs(69,53): error CS1061: 'IRepository<ProductStock>' does not contain a definition for 'GetQueryable' and no accessible extension method 'GetQueryable' accepting a first argument of type 'IRepository<ProductStock>' could be found (are you missing a using directive or an assembly reference?) [C:\Users\fikri\Desktop\ultimateposwind\src\UltimatePOS.Services\UltimatePOS.Services.csproj]
C:\Users\fikri\Desktop\ultimateposwind\src\UltimatePOS.Services\StockService.cs(104,13): error CS0117: 'StockHistory' does not contain a definition for 'CreatedAt' [C:\Users\fikri\Desktop\ultimateposwind\src\UltimatePOS.Services\UltimatePOS.Services.csproj]
C:\Users\fikri\Desktop\ultimateposwind\src\UltimatePOS.Services\StockService.cs(109,27): error CS1061: 'IUnitOfWork' does not contain a definition for 'SaveAsync' and no accessible extension method 'SaveAsync' accepting a first argument of type 'IUnitOfWork' could be found (are you missing a using directive or an assembly reference?) [C:\Users\fikri\Desktop\ultimateposwind\src\UltimatePOS.Services\UltimatePOS.Services.csproj]
C:\Users\fikri\Desktop\ultimateposwind\src\UltimatePOS.Services\ProductService.cs(27,21): error CS0103: The name '_unitOfWork' does not exist in the current context [C:\Users\fikri\Desktop\ultimateposwind\src\UltimatePOS.Services\UltimatePOS.Services.csproj]
C:\Users\fikri\Desktop\ultimateposwind\src\UltimatePOS.Services\ProductService.cs(110,30): error CS0103: The name '_unitOfWork' does not exist in the current context [C:\Users\fikri\Desktop\ultimateposwind\src\UltimatePOS.Services\UltimatePOS.Services.csproj]
C:\Users\fikri\Desktop\ultimateposwind\src\UltimatePOS.Services\ProductService.cs(128,15): error CS0103: The name '_unitOfWork' does not exist in the current context [C:\Users\fikri\Desktop\ultimateposwind\src\UltimatePOS.Services\UltimatePOS.Services.csproj]
C:\Users\fikri\Desktop\ultimateposwind\src\UltimatePOS.Services\ProductService.cs(129,15): error CS0103: The name '_unitOfWork' does not exist in the current context [C:\Users\fikri\Desktop\ultimateposwind\src\UltimatePOS.Services\UltimatePOS.Services.csproj]
C:\Users\fikri\Desktop\ultimateposwind\src\UltimatePOS.Services\StockService.cs(128,48): error CS1061: 'IRepository<StockHistory>' does not contain a definition for 'GetQueryable' and no accessible extension method 'GetQueryable' accepting a first argument of type 'IRepository<StockHistory>' could be found (are you missing a using directive or an assembly reference?) [C:\Users\fikri\Desktop\ultimateposwind\src\UltimatePOS.Services\UltimatePOS.Services.csproj]
C:\Users\fikri\Desktop\ultimateposwind\src\UltimatePOS.Services\ProductService.cs(141,9): error CS0103: The name '_unitOfWork' does not exist in the current context [C:\Users\fikri\Desktop\ultimateposwind\src\UltimatePOS.Services\UltimatePOS.Services.csproj]
C:\Users\fikri\Desktop\ultimateposwind\src\UltimatePOS.Services\ProductService.cs(142,15): error CS0103: The name '_unitOfWork' does not exist in the current context [C:\Users\fikri\Desktop\ultimateposwind\src\UltimatePOS.Services\UltimatePOS.Services.csproj]
C:\Users\fikri\Desktop\ultimateposwind\src\UltimatePOS.Services\ProductService.cs(150,13): error CS0103: The name '_unitOfWork' does not exist in the current context [C:\Users\fikri\Desktop\ultimateposwind\src\UltimatePOS.Services\UltimatePOS.Services.csproj]
C:\Users\fikri\Desktop\ultimateposwind\src\UltimatePOS.Services\ProductService.cs(151,19): error CS0103: The name '_unitOfWork' does not exist in the current context [C:\Users\fikri\Desktop\ultimateposwind\src\UltimatePOS.Services\UltimatePOS.Services.csproj]
C:\Users\fikri\Desktop\ultimateposwind\src\UltimatePOS.Services\ProductService.cs(157,21): error CS0103: The name '_unitOfWork' does not exist in the current context [C:\Users\fikri\Desktop\ultimateposwind\src\UltimatePOS.Services\UltimatePOS.Services.csproj]
C:\Users\fikri\Desktop\ultimateposwind\src\UltimatePOS.Services\ProductService.cs(170,22): error CS0103: The name '_unitOfWork' does not exist in the current context [C:\Users\fikri\Desktop\ultimateposwind\src\UltimatePOS.Services\UltimatePOS.Services.csproj]
C:\Users\fikri\Desktop\ultimateposwind\src\UltimatePOS.Services\ProductService.cs(175,22): error CS0103: The name '_unitOfWork' does not exist in the current context [C:\Users\fikri\Desktop\ultimateposwind\src\UltimatePOS.Services\UltimatePOS.Services.csproj]
C:\Users\fikri\Desktop\ultimateposwind\src\UltimatePOS.Services\ProductService.cs(180,22): error CS0103: The name '_unitOfWork' does not exist in the current context [C:\Users\fikri\Desktop\ultimateposwind\src\UltimatePOS.Services\UltimatePOS.Services.csproj]
    0 Warning(s)
    22 Error(s)

Time Elapsed 00:00:02.10
