  Determining projects to restore...
  All projects are up-to-date for restore.
  UltimatePOS.Core -> C:\Users\fikri\Desktop\ultimateposwind\src\UltimatePOS.Core\bin\Debug\net10.0\UltimatePOS.Core.dll
  UltimatePOS.Tests -> C:\Users\fikri\Desktop\ultimateposwind\tests\UltimatePOS.Tests\bin\Debug\net10.0\UltimatePOS.Tests.dll
  UltimatePOS.Data -> C:\Users\fikri\Desktop\ultimateposwind\src\UltimatePOS.Data\bin\Debug\net10.0\UltimatePOS.Data.dll
  UltimatePOS.Services -> C:\Users\fikri\Desktop\ultimateposwind\src\UltimatePOS.Services\bin\Debug\net10.0\UltimatePOS.Services.dll
C:\Users\fikri\Desktop\ultimateposwind\src\UltimatePOS.WinUI\App.xaml.cs(70,14): error CS1061: 'IHostBuilder' does not contain a definition for 'UseSerilog' and no accessible extension method 'UseSerilog' accepting a first argument of type 'IHostBuilder' could be found (are you missing a using directive or an assembly reference?) [C:\Users\fikri\Desktop\ultimateposwind\src\UltimatePOS.WinUI\UltimatePOS.WinUI.csproj]
C:\Users\fikri\Desktop\ultimateposwind\src\UltimatePOS.WinUI\Configuration\LoggingConfiguration.cs(32,21): error CS1061: 'LoggerEnrichmentConfiguration' does not contain a definition for 'WithThreadId' and no accessible extension method 'WithThreadId' accepting a first argument of type 'LoggerEnrichmentConfiguration' could be found (are you missing a using directive or an assembly reference?) [C:\Users\fikri\Desktop\ultimateposwind\src\UltimatePOS.WinUI\UltimatePOS.WinUI.csproj]
C:\Users\fikri\.nuget\packages\microsoft.windowsappsdk\1.5.240802000\buildTransitive\Microsoft.UI.Xaml.Markup.Compiler.interop.targets(841,9): error MSB3073: The command ""C:\Users\fikri\.nuget\packages\microsoft.windowsappsdk\1.5.240802000\buildTransitive\..\tools\net6.0\..\net472\XamlCompiler.exe" "obj\x86\Debug\net10.0-windows10.0.19041.0\\input.json" "obj\x86\Debug\net10.0-windows10.0.19041.0\\output.json"" exited with code 1. [C:\Users\fikri\Desktop\ultimateposwind\src\UltimatePOS.WinUI\UltimatePOS.WinUI.csproj]

Build FAILED.

C:\Users\fikri\Desktop\ultimateposwind\src\UltimatePOS.WinUI\App.xaml.cs(70,14): error CS1061: 'IHostBuilder' does not contain a definition for 'UseSerilog' and no accessible extension method 'UseSerilog' accepting a first argument of type 'IHostBuilder' could be found (are you missing a using directive or an assembly reference?) [C:\Users\fikri\Desktop\ultimateposwind\src\UltimatePOS.WinUI\UltimatePOS.WinUI.csproj]
C:\Users\fikri\Desktop\ultimateposwind\src\UltimatePOS.WinUI\Configuration\LoggingConfiguration.cs(32,21): error CS1061: 'LoggerEnrichmentConfiguration' does not contain a definition for 'WithThreadId' and no accessible extension method 'WithThreadId' accepting a first argument of type 'LoggerEnrichmentConfiguration' could be found (are you missing a using directive or an assembly reference?) [C:\Users\fikri\Desktop\ultimateposwind\src\UltimatePOS.WinUI\UltimatePOS.WinUI.csproj]
C:\Users\fikri\.nuget\packages\microsoft.windowsappsdk\1.5.240802000\buildTransitive\Microsoft.UI.Xaml.Markup.Compiler.interop.targets(841,9): error MSB3073: The command ""C:\Users\fikri\.nuget\packages\microsoft.windowsappsdk\1.5.240802000\buildTransitive\..\tools\net6.0\..\net472\XamlCompiler.exe" "obj\x86\Debug\net10.0-windows10.0.19041.0\\input.json" "obj\x86\Debug\net10.0-windows10.0.19041.0\\output.json"" exited with code 1. [C:\Users\fikri\Desktop\ultimateposwind\src\UltimatePOS.WinUI\UltimatePOS.WinUI.csproj]
    0 Warning(s)
    3 Error(s)

Time Elapsed 00:00:07.14
